fm@fm:~$ cd opt
fm@fm:~/opt$ ls
sqldeveloper
fm@fm:~/opt$ cd sqldeveloper
fm@fm:~/opt/sqldeveloper$ ls
configuration  external  jdbc    modules   sleepycat         sqlj
dataminer      icon.png  jdev    netbeans  sqldeveloper      svnkit
dropins        ide       jlib    orakafka  sqldeveloper.exe
equinox        javavm    jviews  rdbms     sqldeveloper.sh
fm@fm:~/opt/sqldeveloper$ ./sqldeveloper.sh

Oracle SQL Developer
Copyright (c) 2005, 2021, Oracle and/or its affiliates. All rights reserved.

OpenJDK 64-Bit Server VM warning: Options -Xverify:none and -noverify were deprecated in JDK 13 and will likely be removed in a future release.
Gtk-Message: 20:53:26.132: Failed to load module "canberra-gtk-module"
